// Jest Snapshot v1, https://goo.gl/fbAQLP

exports[`app should have a test 1`] = `
<App>
  <Provider
    store={
      Object {
        "@@observable": [Function],
        "dispatch": [Function],
        "getState": [Function],
        "replaceReducer": [Function],
        "subscribe": [Function],
      }
    }
  >
    <Connect(HomeScreen)>
      <HomeScreen
        articles={
          Object {
            "hasError": false,
            "isLoading": false,
            "list": null,
          }
        }
      >
        <View
          style={
            Object {
              "alignItems": "center",
              "backgroundColor": "#F5FCFF",
              "flex": 1,
              "justifyContent": "center",
            }
          }
        >
          <View
            style={
              Object {
                "alignItems": "center",
                "backgroundColor": "#F5FCFF",
                "flex": 1,
                "justifyContent": "center",
              }
            }
          >
            <Text
              style={
                Object {
                  "fontSize": 20,
                  "margin": 10,
                  "textAlign": "center",
                }
              }
            >
              <Text
                style={
                  Object {
                    "fontSize": 20,
                    "margin": 10,
                    "textAlign": "center",
                  }
                }
              >
                Welcome
              </Text>
            </Text>
            <Text
              style={
                Object {
                  "color": "#333333",
                  "marginBottom": 5,
                  "textAlign": "center",
                }
              }
            >
              <Text
                style={
                  Object {
                    "color": "#333333",
                    "marginBottom": 5,
                    "textAlign": "center",
                  }
                }
              >
                Press Cmd+R to reload,
Cmd+D or shake for dev menu
              </Text>
            </Text>
          </View>
        </View>
      </HomeScreen>
    </Connect(HomeScreen)>
  </Provider>
</App>
`;
